../../TouchGFX/gui/include/gui/model/ModelListener.hpp:18:18:virtual void ModelListener::updateValue(int)	0	static
../../TouchGFX/gui/include/gui/model/ModelListener.hpp:28:18:virtual void ModelListener::updated_Clock(int*)	0	static
../../TouchGFX/gui/include/gui/time_settings_screen/Time_SettingsPresenter.hpp:28:13:Time_SettingsPresenter::~Time_SettingsPresenter()	0	static
C:/TouchGFXProjects/MyApplication_6/TouchGFX/gui/src/time_settings_screen/Time_SettingsPresenter.cpp:10:6:virtual void Time_SettingsPresenter::activate()	0	static
C:/TouchGFXProjects/MyApplication_6/TouchGFX/gui/src/time_settings_screen/Time_SettingsPresenter.cpp:20:6:virtual void Time_SettingsPresenter::current_Clock(int*)	0	static
../../TouchGFX/gui/include/gui/time_settings_screen/Time_SettingsPresenter.hpp:28:13:virtual Time_SettingsPresenter::~Time_SettingsPresenter()	8	static
C:/TouchGFXProjects/MyApplication_6/TouchGFX/gui/src/time_settings_screen/Time_SettingsPresenter.cpp:24:6:virtual void Time_SettingsPresenter::update_Clock(int*)	0	static
../../TouchGFX/gui/include/gui/time_settings_screen/Time_SettingsPresenter.hpp:28:13:virtual void* Time_SettingsPresenter::_ZThn4_N22Time_SettingsPresenterD1Ev()	0	static
C:/TouchGFXProjects/MyApplication_6/TouchGFX/gui/src/time_settings_screen/Time_SettingsPresenter.cpp:4:1:Time_SettingsPresenter::Time_SettingsPresenter(Time_SettingsView&)	8	static
