C:/Users/al3xa/STM32CubeIDE/BochCareerCamp/Stani_Team1_Project/Team1-stanislav/Team1-stanislav/UI_Ver_0.2.0/MyApplication_6/Core/Src/main.c:828:13:SPI5_Write	16	static
C:/Users/al3xa/STM32CubeIDE/BochCareerCamp/Stani_Team1_Project/Team1-stanislav/Team1-stanislav/UI_Ver_0.2.0/MyApplication_6/Core/Src/main.c:214:6:SystemClock_Config	96	static
C:/Users/al3xa/STM32CubeIDE/BochCareerCamp/Stani_Team1_Project/Team1-stanislav/Team1-stanislav/UI_Ver_0.2.0/MyApplication_6/Core/Src/main.c:157:5:main	128	static
C:/Users/al3xa/STM32CubeIDE/BochCareerCamp/Stani_Team1_Project/Team1-stanislav/Team1-stanislav/UI_Ver_0.2.0/MyApplication_6/Core/Src/main.c:684:6:IOE_Init	0	static
C:/Users/al3xa/STM32CubeIDE/BochCareerCamp/Stani_Team1_Project/Team1-stanislav/Team1-stanislav/UI_Ver_0.2.0/MyApplication_6/Core/Src/main.c:692:6:IOE_ITConfig	0	static
C:/Users/al3xa/STM32CubeIDE/BochCareerCamp/Stani_Team1_Project/Team1-stanislav/Team1-stanislav/UI_Ver_0.2.0/MyApplication_6/Core/Src/main.c:703:6:IOE_Write	32	static
C:/Users/al3xa/STM32CubeIDE/BochCareerCamp/Stani_Team1_Project/Team1-stanislav/Team1-stanislav/UI_Ver_0.2.0/MyApplication_6/Core/Src/main.c:713:9:IOE_Read	32	static
C:/Users/al3xa/STM32CubeIDE/BochCareerCamp/Stani_Team1_Project/Team1-stanislav/Team1-stanislav/UI_Ver_0.2.0/MyApplication_6/Core/Src/main.c:725:10:IOE_ReadMultiple	24	static
C:/Users/al3xa/STM32CubeIDE/BochCareerCamp/Stani_Team1_Project/Team1-stanislav/Team1-stanislav/UI_Ver_0.2.0/MyApplication_6/Core/Src/main.c:734:6:IOE_Delay	0	static
C:/Users/al3xa/STM32CubeIDE/BochCareerCamp/Stani_Team1_Project/Team1-stanislav/Team1-stanislav/UI_Ver_0.2.0/MyApplication_6/Core/Src/main.c:850:6:LCD_IO_Init	8	static
C:/Users/al3xa/STM32CubeIDE/BochCareerCamp/Stani_Team1_Project/Team1-stanislav/Team1-stanislav/UI_Ver_0.2.0/MyApplication_6/Core/Src/main.c:859:6:LCD_IO_WriteData	16	static
C:/Users/al3xa/STM32CubeIDE/BochCareerCamp/Stani_Team1_Project/Team1-stanislav/Team1-stanislav/UI_Ver_0.2.0/MyApplication_6/Core/Src/main.c:874:6:LCD_IO_WriteReg	16	static
C:/Users/al3xa/STM32CubeIDE/BochCareerCamp/Stani_Team1_Project/Team1-stanislav/Team1-stanislav/UI_Ver_0.2.0/MyApplication_6/Core/Src/main.c:892:10:LCD_IO_ReadData	32	static
C:/Users/al3xa/STM32CubeIDE/BochCareerCamp/Stani_Team1_Project/Team1-stanislav/Team1-stanislav/UI_Ver_0.2.0/MyApplication_6/Core/Src/main.c:918:6:LCD_Delay	0	static
C:/Users/al3xa/STM32CubeIDE/BochCareerCamp/Stani_Team1_Project/Team1-stanislav/Team1-stanislav/UI_Ver_0.2.0/MyApplication_6/Core/Src/main.c:922:6:map	12	static
C:/Users/al3xa/STM32CubeIDE/BochCareerCamp/Stani_Team1_Project/Team1-stanislav/Team1-stanislav/UI_Ver_0.2.0/MyApplication_6/Core/Src/main.c:927:6:SetAmbientLight	0	static
C:/Users/al3xa/STM32CubeIDE/BochCareerCamp/Stani_Team1_Project/Team1-stanislav/Team1-stanislav/UI_Ver_0.2.0/MyApplication_6/Core/Src/main.c:931:6:SetGasSensor	0	static
C:/Users/al3xa/STM32CubeIDE/BochCareerCamp/Stani_Team1_Project/Team1-stanislav/Team1-stanislav/UI_Ver_0.2.0/MyApplication_6/Core/Src/main.c:940:6:GetBMEdata	24	static
C:/Users/al3xa/STM32CubeIDE/BochCareerCamp/Stani_Team1_Project/Team1-stanislav/Team1-stanislav/UI_Ver_0.2.0/MyApplication_6/Core/Src/main.c:963:6:ADC_Select_CH5	24	static
C:/Users/al3xa/STM32CubeIDE/BochCareerCamp/Stani_Team1_Project/Team1-stanislav/Team1-stanislav/UI_Ver_0.2.0/MyApplication_6/Core/Src/main.c:975:6:ADC_Select_CH7	24	static
C:/Users/al3xa/STM32CubeIDE/BochCareerCamp/Stani_Team1_Project/Team1-stanislav/Team1-stanislav/UI_Ver_0.2.0/MyApplication_6/Core/Src/main.c:987:6:GetSensDataTask	8	static
C:/Users/al3xa/STM32CubeIDE/BochCareerCamp/Stani_Team1_Project/Team1-stanislav/Team1-stanislav/UI_Ver_0.2.0/MyApplication_6/Core/Src/main.c:1022:6:HAL_TIM_PeriodElapsedCallback	0	static
C:/Users/al3xa/STM32CubeIDE/BochCareerCamp/Stani_Team1_Project/Team1-stanislav/Team1-stanislav/UI_Ver_0.2.0/MyApplication_6/Core/Src/main.c:1038:6:Error_Handler	0	static
