C:/Users/al3xa/STM32CubeIDE/BochCareerCamp/Team1-Command_Line_Interface/Team1-Command_Line_Interface/MyApplication_6/Core/Src/main.c:906:13:SPI5_Write	16	static
C:/Users/al3xa/STM32CubeIDE/BochCareerCamp/Team1-Command_Line_Interface/Team1-Command_Line_Interface/MyApplication_6/Core/Src/main.c:262:6:SystemClock_Config	96	static
C:/Users/al3xa/STM32CubeIDE/BochCareerCamp/Team1-Command_Line_Interface/Team1-Command_Line_Interface/MyApplication_6/Core/Src/main.c:167:5:main	128	static
C:/Users/al3xa/STM32CubeIDE/BochCareerCamp/Team1-Command_Line_Interface/Team1-Command_Line_Interface/MyApplication_6/Core/Src/main.c:762:6:IOE_Init	0	static
C:/Users/al3xa/STM32CubeIDE/BochCareerCamp/Team1-Command_Line_Interface/Team1-Command_Line_Interface/MyApplication_6/Core/Src/main.c:770:6:IOE_ITConfig	0	static
C:/Users/al3xa/STM32CubeIDE/BochCareerCamp/Team1-Command_Line_Interface/Team1-Command_Line_Interface/MyApplication_6/Core/Src/main.c:781:6:IOE_Write	32	static
C:/Users/al3xa/STM32CubeIDE/BochCareerCamp/Team1-Command_Line_Interface/Team1-Command_Line_Interface/MyApplication_6/Core/Src/main.c:791:9:IOE_Read	32	static
C:/Users/al3xa/STM32CubeIDE/BochCareerCamp/Team1-Command_Line_Interface/Team1-Command_Line_Interface/MyApplication_6/Core/Src/main.c:803:10:IOE_ReadMultiple	24	static
C:/Users/al3xa/STM32CubeIDE/BochCareerCamp/Team1-Command_Line_Interface/Team1-Command_Line_Interface/MyApplication_6/Core/Src/main.c:812:6:IOE_Delay	0	static
C:/Users/al3xa/STM32CubeIDE/BochCareerCamp/Team1-Command_Line_Interface/Team1-Command_Line_Interface/MyApplication_6/Core/Src/main.c:928:6:LCD_IO_Init	8	static
C:/Users/al3xa/STM32CubeIDE/BochCareerCamp/Team1-Command_Line_Interface/Team1-Command_Line_Interface/MyApplication_6/Core/Src/main.c:937:6:LCD_IO_WriteData	16	static
C:/Users/al3xa/STM32CubeIDE/BochCareerCamp/Team1-Command_Line_Interface/Team1-Command_Line_Interface/MyApplication_6/Core/Src/main.c:952:6:LCD_IO_WriteReg	16	static
C:/Users/al3xa/STM32CubeIDE/BochCareerCamp/Team1-Command_Line_Interface/Team1-Command_Line_Interface/MyApplication_6/Core/Src/main.c:970:10:LCD_IO_ReadData	32	static
C:/Users/al3xa/STM32CubeIDE/BochCareerCamp/Team1-Command_Line_Interface/Team1-Command_Line_Interface/MyApplication_6/Core/Src/main.c:996:6:LCD_Delay	0	static
C:/Users/al3xa/STM32CubeIDE/BochCareerCamp/Team1-Command_Line_Interface/Team1-Command_Line_Interface/MyApplication_6/Core/Src/main.c:1000:6:map	12	static
C:/Users/al3xa/STM32CubeIDE/BochCareerCamp/Team1-Command_Line_Interface/Team1-Command_Line_Interface/MyApplication_6/Core/Src/main.c:1006:6:SetAmbientLight	0	static
C:/Users/al3xa/STM32CubeIDE/BochCareerCamp/Team1-Command_Line_Interface/Team1-Command_Line_Interface/MyApplication_6/Core/Src/main.c:1010:6:SetGasSensor	0	static
C:/Users/al3xa/STM32CubeIDE/BochCareerCamp/Team1-Command_Line_Interface/Team1-Command_Line_Interface/MyApplication_6/Core/Src/main.c:1018:6:GetBMEdata	24	static
C:/Users/al3xa/STM32CubeIDE/BochCareerCamp/Team1-Command_Line_Interface/Team1-Command_Line_Interface/MyApplication_6/Core/Src/main.c:1041:6:ADC_Select_CH5	24	static
C:/Users/al3xa/STM32CubeIDE/BochCareerCamp/Team1-Command_Line_Interface/Team1-Command_Line_Interface/MyApplication_6/Core/Src/main.c:1053:6:ADC_Select_CH7	24	static
C:/Users/al3xa/STM32CubeIDE/BochCareerCamp/Team1-Command_Line_Interface/Team1-Command_Line_Interface/MyApplication_6/Core/Src/main.c:1065:6:GetSensDataTask	8	static
C:/Users/al3xa/STM32CubeIDE/BochCareerCamp/Team1-Command_Line_Interface/Team1-Command_Line_Interface/MyApplication_6/Core/Src/main.c:1090:6:clearMSG	16	static
C:/Users/al3xa/STM32CubeIDE/BochCareerCamp/Team1-Command_Line_Interface/Team1-Command_Line_Interface/MyApplication_6/Core/Src/main.c:1095:6:CLI_Task	8	static
C:/Users/al3xa/STM32CubeIDE/BochCareerCamp/Team1-Command_Line_Interface/Team1-Command_Line_Interface/MyApplication_6/Core/Src/main.c:1123:6:HAL_UART_RxCpltCallback	16	static
C:/Users/al3xa/STM32CubeIDE/BochCareerCamp/Team1-Command_Line_Interface/Team1-Command_Line_Interface/MyApplication_6/Core/Src/main.c:1146:6:HAL_TIM_PeriodElapsedCallback	0	static
C:/Users/al3xa/STM32CubeIDE/BochCareerCamp/Team1-Command_Line_Interface/Team1-Command_Line_Interface/MyApplication_6/Core/Src/main.c:1162:6:Error_Handler	0	static
