C:/Users/al3xa/STM32CubeIDE/BochCareerCamp/Team1_Repo_LAST/Team1-stanislav/MyApplication_6/Core/Src/main.c:357:6:CLI_Task	1
C:/Users/al3xa/STM32CubeIDE/BochCareerCamp/Team1_Repo_LAST/Team1-stanislav/MyApplication_6/Core/Src/main.c:113:5:main	5
C:/Users/al3xa/STM32CubeIDE/BochCareerCamp/Team1_Repo_LAST/Team1-stanislav/MyApplication_6/Core/Src/main.c:195:6:IOE_Init	1
C:/Users/al3xa/STM32CubeIDE/BochCareerCamp/Team1_Repo_LAST/Team1-stanislav/MyApplication_6/Core/Src/main.c:203:6:IOE_ITConfig	1
C:/Users/al3xa/STM32CubeIDE/BochCareerCamp/Team1_Repo_LAST/Team1-stanislav/MyApplication_6/Core/Src/main.c:214:6:IOE_Write	1
C:/Users/al3xa/STM32CubeIDE/BochCareerCamp/Team1_Repo_LAST/Team1-stanislav/MyApplication_6/Core/Src/main.c:224:9:IOE_Read	1
C:/Users/al3xa/STM32CubeIDE/BochCareerCamp/Team1_Repo_LAST/Team1-stanislav/MyApplication_6/Core/Src/main.c:236:10:IOE_ReadMultiple	1
C:/Users/al3xa/STM32CubeIDE/BochCareerCamp/Team1_Repo_LAST/Team1-stanislav/MyApplication_6/Core/Src/main.c:245:6:IOE_Delay	1
C:/Users/al3xa/STM32CubeIDE/BochCareerCamp/Team1_Repo_LAST/Team1-stanislav/MyApplication_6/Core/Src/main.c:250:6:LCD_IO_Init	1
C:/Users/al3xa/STM32CubeIDE/BochCareerCamp/Team1_Repo_LAST/Team1-stanislav/MyApplication_6/Core/Src/main.c:259:6:LCD_IO_WriteData	1
C:/Users/al3xa/STM32CubeIDE/BochCareerCamp/Team1_Repo_LAST/Team1-stanislav/MyApplication_6/Core/Src/main.c:274:6:LCD_IO_WriteReg	1
C:/Users/al3xa/STM32CubeIDE/BochCareerCamp/Team1_Repo_LAST/Team1-stanislav/MyApplication_6/Core/Src/main.c:292:10:LCD_IO_ReadData	1
C:/Users/al3xa/STM32CubeIDE/BochCareerCamp/Team1_Repo_LAST/Team1-stanislav/MyApplication_6/Core/Src/main.c:318:6:LCD_Delay	1
C:/Users/al3xa/STM32CubeIDE/BochCareerCamp/Team1_Repo_LAST/Team1-stanislav/MyApplication_6/Core/Src/main.c:322:6:SetAmbientLight	1
C:/Users/al3xa/STM32CubeIDE/BochCareerCamp/Team1_Repo_LAST/Team1-stanislav/MyApplication_6/Core/Src/main.c:326:6:SetGasSensor	3
C:/Users/al3xa/STM32CubeIDE/BochCareerCamp/Team1_Repo_LAST/Team1-stanislav/MyApplication_6/Core/Src/main.c:338:6:GetSensDataTask	1
C:/Users/al3xa/STM32CubeIDE/BochCareerCamp/Team1_Repo_LAST/Team1-stanislav/MyApplication_6/Core/Src/main.c:368:6:HAL_UART_RxCpltCallback	1
C:/Users/al3xa/STM32CubeIDE/BochCareerCamp/Team1_Repo_LAST/Team1-stanislav/MyApplication_6/Core/Src/main.c:391:6:HAL_TIM_PeriodElapsedCallback	2
C:/Users/al3xa/STM32CubeIDE/BochCareerCamp/Team1_Repo_LAST/Team1-stanislav/MyApplication_6/Core/Src/main.c:407:6:Error_Handler	1
