C:/Users/al3xa/STM32CubeIDE/BochCareerCamp/Team1_Repo_LAST/Team1-stanislav/MyApplication_6/Core/Src/main.c:357:6:CLI_Task	8	static
C:/Users/al3xa/STM32CubeIDE/BochCareerCamp/Team1_Repo_LAST/Team1-stanislav/MyApplication_6/Core/Src/main.c:113:5:main	16	static
C:/Users/al3xa/STM32CubeIDE/BochCareerCamp/Team1_Repo_LAST/Team1-stanislav/MyApplication_6/Core/Src/main.c:195:6:IOE_Init	0	static
C:/Users/al3xa/STM32CubeIDE/BochCareerCamp/Team1_Repo_LAST/Team1-stanislav/MyApplication_6/Core/Src/main.c:203:6:IOE_ITConfig	0	static
C:/Users/al3xa/STM32CubeIDE/BochCareerCamp/Team1_Repo_LAST/Team1-stanislav/MyApplication_6/Core/Src/main.c:214:6:IOE_Write	0	static
C:/Users/al3xa/STM32CubeIDE/BochCareerCamp/Team1_Repo_LAST/Team1-stanislav/MyApplication_6/Core/Src/main.c:224:9:IOE_Read	0	static
C:/Users/al3xa/STM32CubeIDE/BochCareerCamp/Team1_Repo_LAST/Team1-stanislav/MyApplication_6/Core/Src/main.c:236:10:IOE_ReadMultiple	8	static
C:/Users/al3xa/STM32CubeIDE/BochCareerCamp/Team1_Repo_LAST/Team1-stanislav/MyApplication_6/Core/Src/main.c:245:6:IOE_Delay	0	static
C:/Users/al3xa/STM32CubeIDE/BochCareerCamp/Team1_Repo_LAST/Team1-stanislav/MyApplication_6/Core/Src/main.c:250:6:LCD_IO_Init	8	static
C:/Users/al3xa/STM32CubeIDE/BochCareerCamp/Team1_Repo_LAST/Team1-stanislav/MyApplication_6/Core/Src/main.c:259:6:LCD_IO_WriteData	16	static
C:/Users/al3xa/STM32CubeIDE/BochCareerCamp/Team1_Repo_LAST/Team1-stanislav/MyApplication_6/Core/Src/main.c:274:6:LCD_IO_WriteReg	16	static
C:/Users/al3xa/STM32CubeIDE/BochCareerCamp/Team1_Repo_LAST/Team1-stanislav/MyApplication_6/Core/Src/main.c:292:10:LCD_IO_ReadData	24	static
C:/Users/al3xa/STM32CubeIDE/BochCareerCamp/Team1_Repo_LAST/Team1-stanislav/MyApplication_6/Core/Src/main.c:318:6:LCD_Delay	0	static
C:/Users/al3xa/STM32CubeIDE/BochCareerCamp/Team1_Repo_LAST/Team1-stanislav/MyApplication_6/Core/Src/main.c:322:6:SetAmbientLight	16	static
C:/Users/al3xa/STM32CubeIDE/BochCareerCamp/Team1_Repo_LAST/Team1-stanislav/MyApplication_6/Core/Src/main.c:326:6:SetGasSensor	16	static
C:/Users/al3xa/STM32CubeIDE/BochCareerCamp/Team1_Repo_LAST/Team1-stanislav/MyApplication_6/Core/Src/main.c:338:6:GetSensDataTask	8	static
C:/Users/al3xa/STM32CubeIDE/BochCareerCamp/Team1_Repo_LAST/Team1-stanislav/MyApplication_6/Core/Src/main.c:368:6:HAL_UART_RxCpltCallback	16	static
C:/Users/al3xa/STM32CubeIDE/BochCareerCamp/Team1_Repo_LAST/Team1-stanislav/MyApplication_6/Core/Src/main.c:391:6:HAL_TIM_PeriodElapsedCallback	0	static
C:/Users/al3xa/STM32CubeIDE/BochCareerCamp/Team1_Repo_LAST/Team1-stanislav/MyApplication_6/Core/Src/main.c:407:6:Error_Handler	0	static
