C:/Users/al3xa/STM32CubeIDE/BochCareerCamp/Team1-Command_Line_Interface/Team1-Command_Line_Interface/MyApplication_6/Core/Src/stm32f4xx_hal_msp.c:64:6:HAL_MspInit	8	static
C:/Users/al3xa/STM32CubeIDE/BochCareerCamp/Team1-Command_Line_Interface/Team1-Command_Line_Interface/MyApplication_6/Core/Src/stm32f4xx_hal_msp.c:89:6:HAL_ADC_MspInit	40	static
C:/Users/al3xa/STM32CubeIDE/BochCareerCamp/Team1-Command_Line_Interface/Team1-Command_Line_Interface/MyApplication_6/Core/Src/stm32f4xx_hal_msp.c:126:6:HAL_ADC_MspDeInit	8	static
C:/Users/al3xa/STM32CubeIDE/BochCareerCamp/Team1-Command_Line_Interface/Team1-Command_Line_Interface/MyApplication_6/Core/Src/stm32f4xx_hal_msp.c:157:6:HAL_CRC_MspInit	8	static
C:/Users/al3xa/STM32CubeIDE/BochCareerCamp/Team1-Command_Line_Interface/Team1-Command_Line_Interface/MyApplication_6/Core/Src/stm32f4xx_hal_msp.c:179:6:HAL_CRC_MspDeInit	0	static
C:/Users/al3xa/STM32CubeIDE/BochCareerCamp/Team1-Command_Line_Interface/Team1-Command_Line_Interface/MyApplication_6/Core/Src/stm32f4xx_hal_msp.c:201:6:HAL_DMA2D_MspInit	16	static
C:/Users/al3xa/STM32CubeIDE/BochCareerCamp/Team1-Command_Line_Interface/Team1-Command_Line_Interface/MyApplication_6/Core/Src/stm32f4xx_hal_msp.c:226:6:HAL_DMA2D_MspDeInit	0	static
C:/Users/al3xa/STM32CubeIDE/BochCareerCamp/Team1-Command_Line_Interface/Team1-Command_Line_Interface/MyApplication_6/Core/Src/stm32f4xx_hal_msp.c:251:6:HAL_I2C_MspInit	64	static
C:/Users/al3xa/STM32CubeIDE/BochCareerCamp/Team1-Command_Line_Interface/Team1-Command_Line_Interface/MyApplication_6/Core/Src/stm32f4xx_hal_msp.c:299:6:HAL_I2C_MspDeInit	8	static
C:/Users/al3xa/STM32CubeIDE/BochCareerCamp/Team1-Command_Line_Interface/Team1-Command_Line_Interface/MyApplication_6/Core/Src/stm32f4xx_hal_msp.c:330:6:HAL_LTDC_MspInit	120	static
C:/Users/al3xa/STM32CubeIDE/BochCareerCamp/Team1-Command_Line_Interface/Team1-Command_Line_Interface/MyApplication_6/Core/Src/stm32f4xx_hal_msp.c:455:6:HAL_LTDC_MspDeInit	8	static
C:/Users/al3xa/STM32CubeIDE/BochCareerCamp/Team1-Command_Line_Interface/Team1-Command_Line_Interface/MyApplication_6/Core/Src/stm32f4xx_hal_msp.c:517:6:HAL_SPI_MspInit	40	static
C:/Users/al3xa/STM32CubeIDE/BochCareerCamp/Team1-Command_Line_Interface/Team1-Command_Line_Interface/MyApplication_6/Core/Src/stm32f4xx_hal_msp.c:554:6:HAL_SPI_MspDeInit	0	static
C:/Users/al3xa/STM32CubeIDE/BochCareerCamp/Team1-Command_Line_Interface/Team1-Command_Line_Interface/MyApplication_6/Core/Src/stm32f4xx_hal_msp.c:584:6:HAL_UART_MspInit	40	static
C:/Users/al3xa/STM32CubeIDE/BochCareerCamp/Team1-Command_Line_Interface/Team1-Command_Line_Interface/MyApplication_6/Core/Src/stm32f4xx_hal_msp.c:623:6:HAL_UART_MspDeInit	8	static
C:/Users/al3xa/STM32CubeIDE/BochCareerCamp/Team1-Command_Line_Interface/Team1-Command_Line_Interface/MyApplication_6/Core/Src/stm32f4xx_hal_msp.c:756:6:HAL_SDRAM_MspInit	48	static
C:/Users/al3xa/STM32CubeIDE/BochCareerCamp/Team1-Command_Line_Interface/Team1-Command_Line_Interface/MyApplication_6/Core/Src/stm32f4xx_hal_msp.c:842:6:HAL_SDRAM_MspDeInit	8	static
