../../TouchGFX/gui/include/gui/model/ModelListener.hpp:18:18:virtual void ModelListener::updateValue(int)	0	static
../../TouchGFX/gui/include/gui/model/ModelListener.hpp:23:18:virtual void ModelListener::current_Clock(int*)	0	static
../../TouchGFX/gui/include/gui/model/ModelListener.hpp:32:18:virtual void ModelListener::updated_Clock(int*)	0	static
../../TouchGFX/gui/include/gui/date_settings_screen/Date_SettingsPresenter.hpp:28:13:Date_SettingsPresenter::~Date_SettingsPresenter()	0	static
C:/TouchGFXProjects/MyApplication_6/TouchGFX/gui/src/date_settings_screen/Date_SettingsPresenter.cpp:10:6:virtual void Date_SettingsPresenter::activate()	0	static
C:/TouchGFXProjects/MyApplication_6/TouchGFX/gui/src/date_settings_screen/Date_SettingsPresenter.cpp:19:6:virtual void Date_SettingsPresenter::current_Date_value(int*)	0	static
../../TouchGFX/gui/include/gui/date_settings_screen/Date_SettingsPresenter.hpp:28:13:virtual Date_SettingsPresenter::~Date_SettingsPresenter()	8	static
C:/TouchGFXProjects/MyApplication_6/TouchGFX/gui/src/date_settings_screen/Date_SettingsPresenter.cpp:24:6:virtual void Date_SettingsPresenter::update_Date(int*)	0	static
../../TouchGFX/gui/include/gui/date_settings_screen/Date_SettingsPresenter.hpp:28:13:virtual void* Date_SettingsPresenter::_ZThn4_N22Date_SettingsPresenterD1Ev()	0	static
C:/TouchGFXProjects/MyApplication_6/TouchGFX/gui/src/date_settings_screen/Date_SettingsPresenter.cpp:4:1:Date_SettingsPresenter::Date_SettingsPresenter(Date_SettingsView&)	8	static
