../../Middlewares/ST/touchgfx/framework/include/touchgfx/Screen.hpp:104:18:virtual void touchgfx::Screen::afterTransition()	0	static
../../Middlewares/ST/touchgfx/framework/include/touchgfx/Screen.hpp:154:18:virtual void touchgfx::Screen::handleKeyEvent(uint8_t)	0	static
../../TouchGFX/generated/gui_generated/include/gui_generated/defaultview_screen/DefaultViewViewBase.hpp:32:18:virtual void DefaultViewViewBase::function1()	0	static
C:/Users/Acer/Desktop/Team1/UI_Ver_0.2.0/MyApplication_6/TouchGFX/gui/src/defaultview_screen/DefaultViewView.cpp:16:6:virtual void DefaultViewView::tearDownScreen()	0	static
C:/Users/Acer/Desktop/Team1/UI_Ver_0.2.0/MyApplication_6/TouchGFX/gui/src/defaultview_screen/DefaultViewView.cpp:22:6:virtual void DefaultViewView::update_Clock(int*)	0	static
C:/Users/Acer/Desktop/Team1/UI_Ver_0.2.0/MyApplication_6/TouchGFX/gui/src/defaultview_screen/DefaultViewView.cpp:37:6:virtual void DefaultViewView::current_Sensor_values(int*)	16	static
../../TouchGFX/gui/include/gui/defaultview_screen/DefaultViewView.hpp:11:13:DefaultViewView::~DefaultViewView()	8	static
../../TouchGFX/gui/include/gui/defaultview_screen/DefaultViewView.hpp:11:13:virtual DefaultViewView::~DefaultViewView()	8	static
C:/Users/Acer/Desktop/Team1/UI_Ver_0.2.0/MyApplication_6/TouchGFX/gui/src/defaultview_screen/DefaultViewView.cpp:3:1:DefaultViewView::DefaultViewView()	8	static
C:/Users/Acer/Desktop/Team1/UI_Ver_0.2.0/MyApplication_6/TouchGFX/gui/src/defaultview_screen/DefaultViewView.cpp:8:6:virtual void DefaultViewView::setupScreen()	16	static
C:/Users/Acer/Desktop/Team1/UI_Ver_0.2.0/MyApplication_6/TouchGFX/gui/src/defaultview_screen/DefaultViewView.cpp:31:6:virtual void DefaultViewView::handleTickEvent()	8	static
