../../TouchGFX/gui/include/gui/model/ModelListener.hpp:18:18:virtual void ModelListener::updateValue(int)	0	static
../../TouchGFX/gui/include/gui/model/ModelListener.hpp:23:18:virtual void ModelListener::current_Clock(int*)	0	static
../../TouchGFX/gui/include/gui/model/ModelListener.hpp:28:18:virtual void ModelListener::current_Date_value(int*)	0	static
../../TouchGFX/gui/include/gui/model/ModelListener.hpp:32:18:virtual void ModelListener::updated_Clock(int*)	0	static
../../TouchGFX/gui/include/gui/model/ModelListener.hpp:36:18:virtual void ModelListener::current_Sensor_values(int*)	0	static
../../TouchGFX/gui/include/gui/statistics_temperature_outside_screen/Statistics_Temperature_OutsidePresenter.hpp:28:13:Statistics_Temperature_OutsidePresenter::~Statistics_Temperature_OutsidePresenter()	0	static
C:/TouchGFXProjects/MyApplication_6/TouchGFX/gui/src/statistics_temperature_outside_screen/Statistics_Temperature_OutsidePresenter.cpp:10:6:virtual void Statistics_Temperature_OutsidePresenter::activate()	0	static
../../TouchGFX/gui/include/gui/statistics_temperature_outside_screen/Statistics_Temperature_OutsidePresenter.hpp:28:13:virtual Statistics_Temperature_OutsidePresenter::~Statistics_Temperature_OutsidePresenter()	8	static
../../TouchGFX/gui/include/gui/statistics_temperature_outside_screen/Statistics_Temperature_OutsidePresenter.hpp:28:13:virtual void* Statistics_Temperature_OutsidePresenter::_ZThn4_N39Statistics_Temperature_OutsidePresenterD1Ev()	0	static
C:/TouchGFXProjects/MyApplication_6/TouchGFX/gui/src/statistics_temperature_outside_screen/Statistics_Temperature_OutsidePresenter.cpp:4:1:Statistics_Temperature_OutsidePresenter::Statistics_Temperature_OutsidePresenter(Statistics_Temperature_OutsideView&)	8	static
