../../Middlewares/ST/touchgfx/framework/include/touchgfx/Screen.hpp:104:18:virtual void touchgfx::Screen::afterTransition()	0	static
../../Middlewares/ST/touchgfx/framework/include/touchgfx/Screen.hpp:144:18:virtual void touchgfx::Screen::handleTickEvent()	0	static
../../Middlewares/ST/touchgfx/framework/include/touchgfx/Screen.hpp:154:18:virtual void touchgfx::Screen::handleKeyEvent(uint8_t)	0	static
C:/TouchGFXProjects/MyApplication_6/TouchGFX/gui/src/statistics_gas_sensor_screen/Statistics_Gas_sensorView.cpp:13:6:virtual void Statistics_Gas_sensorView::tearDownScreen()	0	static
../../TouchGFX/gui/include/gui/statistics_gas_sensor_screen/Statistics_Gas_sensorView.hpp:11:13:Statistics_Gas_sensorView::~Statistics_Gas_sensorView()	8	static
../../TouchGFX/gui/include/gui/statistics_gas_sensor_screen/Statistics_Gas_sensorView.hpp:11:13:virtual Statistics_Gas_sensorView::~Statistics_Gas_sensorView()	8	static
C:/TouchGFXProjects/MyApplication_6/TouchGFX/gui/src/statistics_gas_sensor_screen/Statistics_Gas_sensorView.cpp:3:1:Statistics_Gas_sensorView::Statistics_Gas_sensorView()	8	static
C:/TouchGFXProjects/MyApplication_6/TouchGFX/gui/src/statistics_gas_sensor_screen/Statistics_Gas_sensorView.cpp:8:6:virtual void Statistics_Gas_sensorView::setupScreen()	0	static
C:/TouchGFXProjects/MyApplication_6/TouchGFX/gui/src/statistics_gas_sensor_screen/Statistics_Gas_sensorView.cpp:17:6:virtual void Statistics_Gas_sensorView::set_brightness_level(int)	0	static
