C:/Users/al3xa/STM32CubeIDE/BochCareerCamp/Stani_Team1_Project/Team1-stanislav/Team1-stanislav/UI_Ver_0.2.0/MyApplication_6/Core/Src/main.c:828:13:SPI5_Write	1
C:/Users/al3xa/STM32CubeIDE/BochCareerCamp/Stani_Team1_Project/Team1-stanislav/Team1-stanislav/UI_Ver_0.2.0/MyApplication_6/Core/Src/main.c:214:6:SystemClock_Config	1
C:/Users/al3xa/STM32CubeIDE/BochCareerCamp/Stani_Team1_Project/Team1-stanislav/Team1-stanislav/UI_Ver_0.2.0/MyApplication_6/Core/Src/main.c:157:5:main	1
C:/Users/al3xa/STM32CubeIDE/BochCareerCamp/Stani_Team1_Project/Team1-stanislav/Team1-stanislav/UI_Ver_0.2.0/MyApplication_6/Core/Src/main.c:684:6:IOE_Init	1
C:/Users/al3xa/STM32CubeIDE/BochCareerCamp/Stani_Team1_Project/Team1-stanislav/Team1-stanislav/UI_Ver_0.2.0/MyApplication_6/Core/Src/main.c:692:6:IOE_ITConfig	1
C:/Users/al3xa/STM32CubeIDE/BochCareerCamp/Stani_Team1_Project/Team1-stanislav/Team1-stanislav/UI_Ver_0.2.0/MyApplication_6/Core/Src/main.c:703:6:IOE_Write	1
C:/Users/al3xa/STM32CubeIDE/BochCareerCamp/Stani_Team1_Project/Team1-stanislav/Team1-stanislav/UI_Ver_0.2.0/MyApplication_6/Core/Src/main.c:713:9:IOE_Read	1
C:/Users/al3xa/STM32CubeIDE/BochCareerCamp/Stani_Team1_Project/Team1-stanislav/Team1-stanislav/UI_Ver_0.2.0/MyApplication_6/Core/Src/main.c:725:10:IOE_ReadMultiple	1
C:/Users/al3xa/STM32CubeIDE/BochCareerCamp/Stani_Team1_Project/Team1-stanislav/Team1-stanislav/UI_Ver_0.2.0/MyApplication_6/Core/Src/main.c:734:6:IOE_Delay	1
C:/Users/al3xa/STM32CubeIDE/BochCareerCamp/Stani_Team1_Project/Team1-stanislav/Team1-stanislav/UI_Ver_0.2.0/MyApplication_6/Core/Src/main.c:850:6:LCD_IO_Init	1
C:/Users/al3xa/STM32CubeIDE/BochCareerCamp/Stani_Team1_Project/Team1-stanislav/Team1-stanislav/UI_Ver_0.2.0/MyApplication_6/Core/Src/main.c:859:6:LCD_IO_WriteData	1
C:/Users/al3xa/STM32CubeIDE/BochCareerCamp/Stani_Team1_Project/Team1-stanislav/Team1-stanislav/UI_Ver_0.2.0/MyApplication_6/Core/Src/main.c:874:6:LCD_IO_WriteReg	1
C:/Users/al3xa/STM32CubeIDE/BochCareerCamp/Stani_Team1_Project/Team1-stanislav/Team1-stanislav/UI_Ver_0.2.0/MyApplication_6/Core/Src/main.c:892:10:LCD_IO_ReadData	1
C:/Users/al3xa/STM32CubeIDE/BochCareerCamp/Stani_Team1_Project/Team1-stanislav/Team1-stanislav/UI_Ver_0.2.0/MyApplication_6/Core/Src/main.c:918:6:LCD_Delay	1
C:/Users/al3xa/STM32CubeIDE/BochCareerCamp/Stani_Team1_Project/Team1-stanislav/Team1-stanislav/UI_Ver_0.2.0/MyApplication_6/Core/Src/main.c:922:6:map	1
C:/Users/al3xa/STM32CubeIDE/BochCareerCamp/Stani_Team1_Project/Team1-stanislav/Team1-stanislav/UI_Ver_0.2.0/MyApplication_6/Core/Src/main.c:927:6:SetAmbientLight	2
C:/Users/al3xa/STM32CubeIDE/BochCareerCamp/Stani_Team1_Project/Team1-stanislav/Team1-stanislav/UI_Ver_0.2.0/MyApplication_6/Core/Src/main.c:931:6:SetGasSensor	2
C:/Users/al3xa/STM32CubeIDE/BochCareerCamp/Stani_Team1_Project/Team1-stanislav/Team1-stanislav/UI_Ver_0.2.0/MyApplication_6/Core/Src/main.c:940:6:GetBMEdata	3
C:/Users/al3xa/STM32CubeIDE/BochCareerCamp/Stani_Team1_Project/Team1-stanislav/Team1-stanislav/UI_Ver_0.2.0/MyApplication_6/Core/Src/main.c:963:6:ADC_Select_CH5	1
C:/Users/al3xa/STM32CubeIDE/BochCareerCamp/Stani_Team1_Project/Team1-stanislav/Team1-stanislav/UI_Ver_0.2.0/MyApplication_6/Core/Src/main.c:975:6:ADC_Select_CH7	1
C:/Users/al3xa/STM32CubeIDE/BochCareerCamp/Stani_Team1_Project/Team1-stanislav/Team1-stanislav/UI_Ver_0.2.0/MyApplication_6/Core/Src/main.c:987:6:GetSensDataTask	1
C:/Users/al3xa/STM32CubeIDE/BochCareerCamp/Stani_Team1_Project/Team1-stanislav/Team1-stanislav/UI_Ver_0.2.0/MyApplication_6/Core/Src/main.c:1022:6:HAL_TIM_PeriodElapsedCallback	2
C:/Users/al3xa/STM32CubeIDE/BochCareerCamp/Stani_Team1_Project/Team1-stanislav/Team1-stanislav/UI_Ver_0.2.0/MyApplication_6/Core/Src/main.c:1038:6:Error_Handler	1
