C:/Users/Acer/Desktop/Team1/UI_Ver_0.2.0/MyApplication_6/Core/Src/main.c:896:13:SPI5_Write	16	static
C:/Users/Acer/Desktop/Team1/UI_Ver_0.2.0/MyApplication_6/Core/Src/main.c:1008:6:StartDefaultTask	8	static
C:/Users/Acer/Desktop/Team1/UI_Ver_0.2.0/MyApplication_6/Core/Src/main.c:1019:6:ADCTask	8	static
C:/Users/Acer/Desktop/Team1/UI_Ver_0.2.0/MyApplication_6/Core/Src/main.c:258:6:SystemClock_Config	96	static
C:/Users/Acer/Desktop/Team1/UI_Ver_0.2.0/MyApplication_6/Core/Src/main.c:164:5:main	120	static
C:/Users/Acer/Desktop/Team1/UI_Ver_0.2.0/MyApplication_6/Core/Src/main.c:740:6:IOE_Init	0	static
C:/Users/Acer/Desktop/Team1/UI_Ver_0.2.0/MyApplication_6/Core/Src/main.c:749:6:IOE_ITConfig	0	static
C:/Users/Acer/Desktop/Team1/UI_Ver_0.2.0/MyApplication_6/Core/Src/main.c:761:6:IOE_Write	32	static
C:/Users/Acer/Desktop/Team1/UI_Ver_0.2.0/MyApplication_6/Core/Src/main.c:772:9:IOE_Read	32	static
C:/Users/Acer/Desktop/Team1/UI_Ver_0.2.0/MyApplication_6/Core/Src/main.c:785:10:IOE_ReadMultiple	24	static
C:/Users/Acer/Desktop/Team1/UI_Ver_0.2.0/MyApplication_6/Core/Src/main.c:794:6:IOE_Delay	0	static
C:/Users/Acer/Desktop/Team1/UI_Ver_0.2.0/MyApplication_6/Core/Src/main.c:922:6:LCD_IO_Init	8	static
C:/Users/Acer/Desktop/Team1/UI_Ver_0.2.0/MyApplication_6/Core/Src/main.c:932:6:LCD_IO_WriteData	16	static
C:/Users/Acer/Desktop/Team1/UI_Ver_0.2.0/MyApplication_6/Core/Src/main.c:948:6:LCD_IO_WriteReg	16	static
C:/Users/Acer/Desktop/Team1/UI_Ver_0.2.0/MyApplication_6/Core/Src/main.c:967:10:LCD_IO_ReadData	32	static
C:/Users/Acer/Desktop/Team1/UI_Ver_0.2.0/MyApplication_6/Core/Src/main.c:994:6:LCD_Delay	0	static
C:/Users/Acer/Desktop/Team1/UI_Ver_0.2.0/MyApplication_6/Core/Src/main.c:1041:6:HAL_TIM_PeriodElapsedCallback	0	static
C:/Users/Acer/Desktop/Team1/UI_Ver_0.2.0/MyApplication_6/Core/Src/main.c:1058:6:Error_Handler	0	static
