C:/Users/Acer/Desktop/Team1/UI_Ver_0.2.0/MyApplication_6/Core/Src/main.c:874:13:SPI5_Write	16	static
C:/Users/Acer/Desktop/Team1/UI_Ver_0.2.0/MyApplication_6/Core/Src/main.c:979:6:GetSensDataTask	8	static
C:/Users/Acer/Desktop/Team1/UI_Ver_0.2.0/MyApplication_6/Core/Src/main.c:236:6:SystemClock_Config	96	static
C:/Users/Acer/Desktop/Team1/UI_Ver_0.2.0/MyApplication_6/Core/Src/main.c:158:5:main	128	static
C:/Users/Acer/Desktop/Team1/UI_Ver_0.2.0/MyApplication_6/Core/Src/main.c:718:6:IOE_Init	0	static
C:/Users/Acer/Desktop/Team1/UI_Ver_0.2.0/MyApplication_6/Core/Src/main.c:727:6:IOE_ITConfig	0	static
C:/Users/Acer/Desktop/Team1/UI_Ver_0.2.0/MyApplication_6/Core/Src/main.c:739:6:IOE_Write	32	static
C:/Users/Acer/Desktop/Team1/UI_Ver_0.2.0/MyApplication_6/Core/Src/main.c:750:9:IOE_Read	32	static
C:/Users/Acer/Desktop/Team1/UI_Ver_0.2.0/MyApplication_6/Core/Src/main.c:763:10:IOE_ReadMultiple	24	static
C:/Users/Acer/Desktop/Team1/UI_Ver_0.2.0/MyApplication_6/Core/Src/main.c:772:6:IOE_Delay	0	static
C:/Users/Acer/Desktop/Team1/UI_Ver_0.2.0/MyApplication_6/Core/Src/main.c:900:6:LCD_IO_Init	8	static
C:/Users/Acer/Desktop/Team1/UI_Ver_0.2.0/MyApplication_6/Core/Src/main.c:910:6:LCD_IO_WriteData	16	static
C:/Users/Acer/Desktop/Team1/UI_Ver_0.2.0/MyApplication_6/Core/Src/main.c:926:6:LCD_IO_WriteReg	16	static
C:/Users/Acer/Desktop/Team1/UI_Ver_0.2.0/MyApplication_6/Core/Src/main.c:945:10:LCD_IO_ReadData	32	static
C:/Users/Acer/Desktop/Team1/UI_Ver_0.2.0/MyApplication_6/Core/Src/main.c:972:6:LCD_Delay	0	static
C:/Users/Acer/Desktop/Team1/UI_Ver_0.2.0/MyApplication_6/Core/Src/main.c:1021:6:HAL_TIM_PeriodElapsedCallback	0	static
C:/Users/Acer/Desktop/Team1/UI_Ver_0.2.0/MyApplication_6/Core/Src/main.c:1038:6:Error_Handler	0	static
