../../TouchGFX/gui/include/gui/model/ModelListener.hpp:18:18:virtual void ModelListener::updateValue(int)	0	static
../../TouchGFX/gui/include/gui/menudropdown_1_screen/MenuDropdown_1Presenter.hpp:28:13:MenuDropdown_1Presenter::~MenuDropdown_1Presenter()	0	static
C:/TouchGFXProjects/MyApplication_6/TouchGFX/gui/src/menudropdown_1_screen/MenuDropdown_1Presenter.cpp:10:6:virtual void MenuDropdown_1Presenter::activate()	0	static
../../TouchGFX/gui/include/gui/menudropdown_1_screen/MenuDropdown_1Presenter.hpp:28:13:virtual MenuDropdown_1Presenter::~MenuDropdown_1Presenter()	8	static
../../TouchGFX/gui/include/gui/menudropdown_1_screen/MenuDropdown_1Presenter.hpp:28:13:virtual void* MenuDropdown_1Presenter::_ZThn4_N23MenuDropdown_1PresenterD1Ev()	0	static
C:/TouchGFXProjects/MyApplication_6/TouchGFX/gui/src/menudropdown_1_screen/MenuDropdown_1Presenter.cpp:4:1:MenuDropdown_1Presenter::MenuDropdown_1Presenter(MenuDropdown_1View&)	8	static
