../../Middlewares/ST/touchgfx/framework/include/touchgfx/Screen.hpp:104:18:virtual void touchgfx::Screen::afterTransition()	0	static
../../Middlewares/ST/touchgfx/framework/include/touchgfx/Screen.hpp:154:18:virtual void touchgfx::Screen::handleKeyEvent(uint8_t)	0	static
C:/TouchGFXProjects/MyApplication_6/TouchGFX/gui/src/time_settings_screen/Time_SettingsView.cpp:17:6:virtual void Time_SettingsView::tearDownScreen()	0	static
../../TouchGFX/gui/include/gui/time_settings_screen/Time_SettingsView.hpp:11:13:Time_SettingsView::~Time_SettingsView()	8	static
../../TouchGFX/gui/include/gui/time_settings_screen/Time_SettingsView.hpp:11:13:virtual Time_SettingsView::~Time_SettingsView()	8	static
C:/TouchGFXProjects/MyApplication_6/TouchGFX/gui/src/time_settings_screen/Time_SettingsView.cpp:3:1:Time_SettingsView::Time_SettingsView()	8	static
C:/TouchGFXProjects/MyApplication_6/TouchGFX/gui/src/time_settings_screen/Time_SettingsView.cpp:8:6:virtual void Time_SettingsView::setupScreen()	16	static
C:/TouchGFXProjects/MyApplication_6/TouchGFX/gui/src/time_settings_screen/Time_SettingsView.cpp:22:6:virtual void Time_SettingsView::Set_Current_Time()	8	static
C:/TouchGFXProjects/MyApplication_6/TouchGFX/gui/src/time_settings_screen/Time_SettingsView.cpp:30:6:virtual void Time_SettingsView::handleTickEvent()	12	static
C:/TouchGFXProjects/MyApplication_6/TouchGFX/gui/src/time_settings_screen/Time_SettingsView.cpp:53:6:virtual void Time_SettingsView::Hours_Up()	16	static
C:/TouchGFXProjects/MyApplication_6/TouchGFX/gui/src/time_settings_screen/Time_SettingsView.cpp:61:6:virtual void Time_SettingsView::Hours_Down()	16	static
C:/TouchGFXProjects/MyApplication_6/TouchGFX/gui/src/time_settings_screen/Time_SettingsView.cpp:69:6:virtual void Time_SettingsView::Minutes_Up()	16	static
C:/TouchGFXProjects/MyApplication_6/TouchGFX/gui/src/time_settings_screen/Time_SettingsView.cpp:77:6:virtual void Time_SettingsView::Minutes_Down()	16	static
C:/TouchGFXProjects/MyApplication_6/TouchGFX/gui/src/time_settings_screen/Time_SettingsView.cpp:85:6:virtual void Time_SettingsView::Seconds_Up()	16	static
C:/TouchGFXProjects/MyApplication_6/TouchGFX/gui/src/time_settings_screen/Time_SettingsView.cpp:93:6:virtual void Time_SettingsView::Seconds_Down()	16	static
