../../TouchGFX/gui/include/gui/model/ModelListener.hpp:18:18:virtual void ModelListener::updateValue(int)	0	static
../../TouchGFX/gui/include/gui/model/ModelListener.hpp:23:18:virtual void ModelListener::current_Clock(int*)	0	static
../../TouchGFX/gui/include/gui/model/ModelListener.hpp:28:18:virtual void ModelListener::current_Date_value(int*)	0	static
../../TouchGFX/gui/include/gui/model/ModelListener.hpp:32:18:virtual void ModelListener::updated_Clock(int*)	0	static
../../TouchGFX/gui/include/gui/model/ModelListener.hpp:36:18:virtual void ModelListener::current_Sensor_values(int*)	0	static
../../TouchGFX/gui/include/gui/model/ModelListener.hpp:40:18:virtual void ModelListener::SEND_Permission(int)	0	static
../../TouchGFX/gui/include/gui/model/ModelListener.hpp:44:18:virtual void ModelListener::RECEIVE_Permission(int)	0	static
../../TouchGFX/gui/include/gui/model/ModelListener.hpp:48:18:virtual void ModelListener::SEND_Error_ID(int)	0	static
../../TouchGFX/gui/include/gui/model/ModelListener.hpp:53:18:virtual void ModelListener::set_screen_brightness(int)	0	static
../../TouchGFX/gui/include/gui/about_screen/AboutPresenter.hpp:28:13:AboutPresenter::~AboutPresenter()	0	static
C:/Users/al3xa/STM32CubeIDE/BochCareerCamp/Team1_Repo_LAST/Team1-stanislav/MyApplication_6/TouchGFX/gui/src/about_screen/AboutPresenter.cpp:10:6:virtual void AboutPresenter::activate()	0	static
../../TouchGFX/gui/include/gui/about_screen/AboutPresenter.hpp:28:13:virtual AboutPresenter::~AboutPresenter()	8	static
../../TouchGFX/gui/include/gui/about_screen/AboutPresenter.hpp:28:13:virtual void* AboutPresenter::_ZThn4_N14AboutPresenterD1Ev()	0	static
C:/Users/al3xa/STM32CubeIDE/BochCareerCamp/Team1_Repo_LAST/Team1-stanislav/MyApplication_6/TouchGFX/gui/src/about_screen/AboutPresenter.cpp:4:1:AboutPresenter::AboutPresenter(AboutView&)	8	static
