../../Middlewares/ST/touchgfx/framework/include/touchgfx/Screen.hpp:104:18:virtual void touchgfx::Screen::afterTransition()	0	static
../../Middlewares/ST/touchgfx/framework/include/touchgfx/Screen.hpp:144:18:virtual void touchgfx::Screen::handleTickEvent()	0	static
../../Middlewares/ST/touchgfx/framework/include/touchgfx/Screen.hpp:154:18:virtual void touchgfx::Screen::handleKeyEvent(uint8_t)	0	static
C:/Users/al3xa/STM32CubeIDE/BochCareerCamp/Stani_Team1_Project/Team1-stanislav/Team1-stanislav/UI_Ver_0.2.0/MyApplication_6/TouchGFX/gui/src/alarm_settings_screen/Alarm_SettingsView.cpp:13:6:virtual void Alarm_SettingsView::tearDownScreen()	0	static
C:/Users/al3xa/STM32CubeIDE/BochCareerCamp/Stani_Team1_Project/Team1-stanislav/Team1-stanislav/UI_Ver_0.2.0/MyApplication_6/TouchGFX/gui/src/alarm_settings_screen/Alarm_SettingsView.cpp:29:6:virtual void Alarm_SettingsView::btn_Permission_ON()	0	static
C:/Users/al3xa/STM32CubeIDE/BochCareerCamp/Stani_Team1_Project/Team1-stanislav/Team1-stanislav/UI_Ver_0.2.0/MyApplication_6/TouchGFX/gui/src/alarm_settings_screen/Alarm_SettingsView.cpp:36:6:virtual void Alarm_SettingsView::btn_Permission_OFF()	0	static
../../TouchGFX/gui/include/gui/alarm_settings_screen/Alarm_SettingsView.hpp:11:13:Alarm_SettingsView::~Alarm_SettingsView()	8	static
../../TouchGFX/gui/include/gui/alarm_settings_screen/Alarm_SettingsView.hpp:11:13:virtual Alarm_SettingsView::~Alarm_SettingsView()	8	static
C:/Users/al3xa/STM32CubeIDE/BochCareerCamp/Stani_Team1_Project/Team1-stanislav/Team1-stanislav/UI_Ver_0.2.0/MyApplication_6/TouchGFX/gui/src/alarm_settings_screen/Alarm_SettingsView.cpp:3:1:Alarm_SettingsView::Alarm_SettingsView()	8	static
C:/Users/al3xa/STM32CubeIDE/BochCareerCamp/Stani_Team1_Project/Team1-stanislav/Team1-stanislav/UI_Ver_0.2.0/MyApplication_6/TouchGFX/gui/src/alarm_settings_screen/Alarm_SettingsView.cpp:42:6:void SEND_Permission(int)	0	static
C:/Users/al3xa/STM32CubeIDE/BochCareerCamp/Stani_Team1_Project/Team1-stanislav/Team1-stanislav/UI_Ver_0.2.0/MyApplication_6/TouchGFX/gui/src/alarm_settings_screen/Alarm_SettingsView.cpp:8:6:virtual void Alarm_SettingsView::setupScreen()	0	static
C:/Users/al3xa/STM32CubeIDE/BochCareerCamp/Stani_Team1_Project/Team1-stanislav/Team1-stanislav/UI_Ver_0.2.0/MyApplication_6/TouchGFX/gui/src/alarm_settings_screen/Alarm_SettingsView.cpp:18:6:virtual void Alarm_SettingsView::RECEIVE_Permission(int)	8	static
