../../Middlewares/ST/touchgfx/framework/include/touchgfx/Screen.hpp:104:18:virtual void touchgfx::Screen::afterTransition()	0	static
../../Middlewares/ST/touchgfx/framework/include/touchgfx/Screen.hpp:144:18:virtual void touchgfx::Screen::handleTickEvent()	0	static
../../Middlewares/ST/touchgfx/framework/include/touchgfx/Screen.hpp:154:18:virtual void touchgfx::Screen::handleKeyEvent(uint8_t)	0	static
C:/TouchGFXProjects/MyApplication_6/TouchGFX/gui/src/defaultview_screen/DefaultViewView.cpp:13:6:virtual void DefaultViewView::tearDownScreen()	0	static
../../TouchGFX/gui/include/gui/defaultview_screen/DefaultViewView.hpp:11:13:DefaultViewView::~DefaultViewView()	8	static
../../TouchGFX/gui/include/gui/defaultview_screen/DefaultViewView.hpp:11:13:virtual DefaultViewView::~DefaultViewView()	8	static
C:/TouchGFXProjects/MyApplication_6/TouchGFX/gui/src/defaultview_screen/DefaultViewView.cpp:3:1:DefaultViewView::DefaultViewView()	8	static
C:/TouchGFXProjects/MyApplication_6/TouchGFX/gui/src/defaultview_screen/DefaultViewView.cpp:8:6:virtual void DefaultViewView::setupScreen()	0	static
