../../Middlewares/ST/touchgfx/framework/include/touchgfx/Screen.hpp:104:18:virtual void touchgfx::Screen::afterTransition()	0	static
../../Middlewares/ST/touchgfx/framework/include/touchgfx/Screen.hpp:144:18:virtual void touchgfx::Screen::handleTickEvent()	0	static
../../Middlewares/ST/touchgfx/framework/include/touchgfx/Screen.hpp:154:18:virtual void touchgfx::Screen::handleKeyEvent(uint8_t)	0	static
C:/TouchGFXProjects/MyApplication_6/TouchGFX/gui/src/menudropdown_screen/MenuDropdownView.cpp:13:6:virtual void MenuDropdownView::tearDownScreen()	0	static
../../TouchGFX/gui/include/gui/menudropdown_screen/MenuDropdownView.hpp:11:13:MenuDropdownView::~MenuDropdownView()	8	static
../../TouchGFX/gui/include/gui/menudropdown_screen/MenuDropdownView.hpp:11:13:virtual MenuDropdownView::~MenuDropdownView()	8	static
C:/TouchGFXProjects/MyApplication_6/TouchGFX/gui/src/menudropdown_screen/MenuDropdownView.cpp:3:1:MenuDropdownView::MenuDropdownView()	8	static
C:/TouchGFXProjects/MyApplication_6/TouchGFX/gui/src/menudropdown_screen/MenuDropdownView.cpp:8:6:virtual void MenuDropdownView::setupScreen()	0	static
