../../Middlewares/ST/touchgfx/framework/include/touchgfx/Screen.hpp:104:18:virtual void touchgfx::Screen::afterTransition()	0	static
../../Middlewares/ST/touchgfx/framework/include/touchgfx/Screen.hpp:144:18:virtual void touchgfx::Screen::handleTickEvent()	0	static
../../Middlewares/ST/touchgfx/framework/include/touchgfx/Screen.hpp:154:18:virtual void touchgfx::Screen::handleKeyEvent(uint8_t)	0	static
../../TouchGFX/generated/gui_generated/include/gui_generated/menudropdown_1_screen/MenuDropdown_1ViewBase.hpp:23:18:virtual void MenuDropdown_1ViewBase::scrollList1UpdateItem(SettingsDropDown&, int16_t)	0	static
C:/Users/al3xa/STM32CubeIDE/BochCareerCamp/Team1_Repo_LAST/Team1-stanislav/MyApplication_6/TouchGFX/gui/src/menudropdown_1_screen/MenuDropdown_1View.cpp:13:6:virtual void MenuDropdown_1View::tearDownScreen()	0	static
../../TouchGFX/gui/include/gui/menudropdown_1_screen/MenuDropdown_1View.hpp:11:13:MenuDropdown_1View::~MenuDropdown_1View()	8	static
../../TouchGFX/gui/include/gui/menudropdown_1_screen/MenuDropdown_1View.hpp:11:13:virtual MenuDropdown_1View::~MenuDropdown_1View()	8	static
C:/Users/al3xa/STM32CubeIDE/BochCareerCamp/Team1_Repo_LAST/Team1-stanislav/MyApplication_6/TouchGFX/gui/src/menudropdown_1_screen/MenuDropdown_1View.cpp:3:1:MenuDropdown_1View::MenuDropdown_1View()	8	static
C:/Users/al3xa/STM32CubeIDE/BochCareerCamp/Team1_Repo_LAST/Team1-stanislav/MyApplication_6/TouchGFX/gui/src/menudropdown_1_screen/MenuDropdown_1View.cpp:8:6:virtual void MenuDropdown_1View::setupScreen()	0	static
