C:/Users/al3xa/STM32CubeIDE/BochCareerCamp/Team1_Repo_LAST/Team1-stanislav/MyApplication_6/TouchGFX/gui/src/model/Model.cpp:10:5:int Error_feedback(int*)	12	static
C:/Users/al3xa/STM32CubeIDE/BochCareerCamp/Team1_Repo_LAST/Team1-stanislav/MyApplication_6/TouchGFX/gui/src/model/Model.cpp:189:1:Model::Model()	16	static
C:/Users/al3xa/STM32CubeIDE/BochCareerCamp/Team1_Repo_LAST/Team1-stanislav/MyApplication_6/TouchGFX/gui/src/model/Model.cpp:194:6:void Model::tick()	16	static
C:/Users/al3xa/STM32CubeIDE/BochCareerCamp/Team1_Repo_LAST/Team1-stanislav/MyApplication_6/TouchGFX/gui/src/model/Model.cpp:341:6:void Model::update_Clock(int*)	0	static
C:/Users/al3xa/STM32CubeIDE/BochCareerCamp/Team1_Repo_LAST/Team1-stanislav/MyApplication_6/TouchGFX/gui/src/model/Model.cpp:367:6:void Model::update_Date(int*)	0	static
C:/Users/al3xa/STM32CubeIDE/BochCareerCamp/Team1_Repo_LAST/Team1-stanislav/MyApplication_6/TouchGFX/gui/src/model/Model.cpp:392:6:void Model::SEND_Permission(int)	0	static
C:/Users/al3xa/STM32CubeIDE/BochCareerCamp/Team1_Repo_LAST/Team1-stanislav/MyApplication_6/TouchGFX/gui/src/model/Model.cpp:406:6:void Model::Snooze_system(int)	0	static
