../../Middlewares/ST/touchgfx/framework/include/touchgfx/Screen.hpp:104:18:virtual void touchgfx::Screen::afterTransition()	0	static
../../Middlewares/ST/touchgfx/framework/include/touchgfx/Screen.hpp:144:18:virtual void touchgfx::Screen::handleTickEvent()	0	static
../../Middlewares/ST/touchgfx/framework/include/touchgfx/Screen.hpp:154:18:virtual void touchgfx::Screen::handleKeyEvent(uint8_t)	0	static
C:/Users/al3xa/STM32CubeIDE/BochCareerCamp/Stani_Team1_Project/Team1-stanislav/Team1-stanislav/UI_Ver_0.2.0/MyApplication_6/TouchGFX/gui/src/statistics_ambient_1_screen/Statistics_Ambient_1View.cpp:13:6:virtual void Statistics_Ambient_1View::tearDownScreen()	0	static
../../TouchGFX/gui/include/gui/statistics_ambient_1_screen/Statistics_Ambient_1View.hpp:11:13:Statistics_Ambient_1View::~Statistics_Ambient_1View()	8	static
../../TouchGFX/gui/include/gui/statistics_ambient_1_screen/Statistics_Ambient_1View.hpp:11:13:virtual Statistics_Ambient_1View::~Statistics_Ambient_1View()	8	static
C:/Users/al3xa/STM32CubeIDE/BochCareerCamp/Stani_Team1_Project/Team1-stanislav/Team1-stanislav/UI_Ver_0.2.0/MyApplication_6/TouchGFX/gui/src/statistics_ambient_1_screen/Statistics_Ambient_1View.cpp:3:1:Statistics_Ambient_1View::Statistics_Ambient_1View()	8	static
C:/Users/al3xa/STM32CubeIDE/BochCareerCamp/Stani_Team1_Project/Team1-stanislav/Team1-stanislav/UI_Ver_0.2.0/MyApplication_6/TouchGFX/gui/src/statistics_ambient_1_screen/Statistics_Ambient_1View.cpp:8:6:virtual void Statistics_Ambient_1View::setupScreen()	0	static
