../../TouchGFX/gui/include/gui/model/ModelListener.hpp:18:18:virtual void ModelListener::updateValue(int)	0	static
../../TouchGFX/gui/include/gui/model/ModelListener.hpp:23:18:virtual void ModelListener::current_Clock(int*)	0	static
../../TouchGFX/gui/include/gui/model/ModelListener.hpp:28:18:virtual void ModelListener::current_Date_value(int*)	0	static
../../TouchGFX/gui/include/gui/model/ModelListener.hpp:32:18:virtual void ModelListener::updated_Clock(int*)	0	static
../../TouchGFX/gui/include/gui/model/ModelListener.hpp:36:18:virtual void ModelListener::current_Sensor_values(int*)	0	static
../../TouchGFX/gui/include/gui/model/ModelListener.hpp:40:18:virtual void ModelListener::SEND_Permission(int)	0	static
../../TouchGFX/gui/include/gui/model/ModelListener.hpp:44:18:virtual void ModelListener::RECEIVE_Permission(int)	0	static
../../TouchGFX/gui/include/gui/model/ModelListener.hpp:48:18:virtual void ModelListener::SEND_Error_ID(int)	0	static
../../TouchGFX/gui/include/gui/model/ModelListener.hpp:52:18:virtual void ModelListener::SEND_STATISTICS_INFORMATION_TEMPERATURE_INSIDE(int*, int)	0	static
../../TouchGFX/gui/include/gui/statistics_gas_sensor_screen/Statistics_Gas_sensorPresenter.hpp:28:13:Statistics_Gas_sensorPresenter::~Statistics_Gas_sensorPresenter()	0	static
C:/Users/al3xa/STM32CubeIDE/BochCareerCamp/Team1-Command_Line_Interface/Team1-Command_Line_Interface/MyApplication_6/TouchGFX/gui/src/statistics_gas_sensor_screen/Statistics_Gas_sensorPresenter.cpp:10:6:virtual void Statistics_Gas_sensorPresenter::activate()	0	static
../../TouchGFX/gui/include/gui/statistics_gas_sensor_screen/Statistics_Gas_sensorPresenter.hpp:28:13:virtual Statistics_Gas_sensorPresenter::~Statistics_Gas_sensorPresenter()	8	static
../../TouchGFX/gui/include/gui/statistics_gas_sensor_screen/Statistics_Gas_sensorPresenter.hpp:28:13:virtual void* Statistics_Gas_sensorPresenter::_ZThn4_N30Statistics_Gas_sensorPresenterD1Ev()	0	static
C:/Users/al3xa/STM32CubeIDE/BochCareerCamp/Team1-Command_Line_Interface/Team1-Command_Line_Interface/MyApplication_6/TouchGFX/gui/src/statistics_gas_sensor_screen/Statistics_Gas_sensorPresenter.cpp:4:1:Statistics_Gas_sensorPresenter::Statistics_Gas_sensorPresenter(Statistics_Gas_sensorView&)	8	static
