../../Middlewares/ST/touchgfx/framework/include/touchgfx/Screen.hpp:104:18:virtual void touchgfx::Screen::afterTransition()	0	static
../../Middlewares/ST/touchgfx/framework/include/touchgfx/Screen.hpp:144:18:virtual void touchgfx::Screen::handleTickEvent()	0	static
../../Middlewares/ST/touchgfx/framework/include/touchgfx/Screen.hpp:154:18:virtual void touchgfx::Screen::handleKeyEvent(uint8_t)	0	static
C:/TouchGFXProjects/MyApplication_6/TouchGFX/gui/src/time_settings_screen/Time_SettingsView.cpp:13:6:virtual void Time_SettingsView::tearDownScreen()	0	static
../../TouchGFX/gui/include/gui/time_settings_screen/Time_SettingsView.hpp:11:13:Time_SettingsView::~Time_SettingsView()	8	static
../../TouchGFX/gui/include/gui/time_settings_screen/Time_SettingsView.hpp:11:13:virtual Time_SettingsView::~Time_SettingsView()	8	static
C:/TouchGFXProjects/MyApplication_6/TouchGFX/gui/src/time_settings_screen/Time_SettingsView.cpp:3:1:Time_SettingsView::Time_SettingsView()	8	static
C:/TouchGFXProjects/MyApplication_6/TouchGFX/gui/src/time_settings_screen/Time_SettingsView.cpp:8:6:virtual void Time_SettingsView::setupScreen()	0	static
