../../TouchGFX/generated/fonts/include/fonts/ApplicationFontProvider.hpp:37:7:ApplicationFontProvider::~ApplicationFontProvider()	0	static
C:/Users/al3xa/STM32CubeIDE/BochCareerCamp/Stani_Team1_Project/Team1-stanislav/Team1-stanislav/UI_Ver_0.2.0/MyApplication_6/TouchGFX/generated/fonts/src/ApplicationFontProvider.cpp:8:17:virtual touchgfx::Font* ApplicationFontProvider::getFont(touchgfx::FontId)	8	static
../../TouchGFX/generated/fonts/include/fonts/ApplicationFontProvider.hpp:37:7:virtual ApplicationFontProvider::~ApplicationFontProvider()	8	static
